******************************************************************************
       MSP430 Evaluation Linker PC v3.3.1                      
******************************************************************************
>> Linked Tue Feb 15 18:18:17 2011

OUTPUT FILE NAME:   <RTOSDemoMSP430F2274.out>
ENTRY POINT SYMBOL: "_c_int00"  address: 00009676


MEMORY CONFIGURATION

         name            origin    length      used     unused   attr    fill
----------------------  --------  ---------  --------  --------  ----  --------
  SFR                   00000000   00000010  00000000  00000010  RWIX
  PERIPHERALS_8BIT      00000010   000000f0  00000000  000000f0  RWIX
  PERIPHERALS_16BIT     00000100   00000100  00000000  00000100  RWIX
  RAM                   00000200   00000400  000003e0  00000020  RWIX
  INFOD                 00001000   00000040  00000000  00000040  RWIX
  INFOC                 00001040   00000040  00000000  00000040  RWIX
  INFOB                 00001080   00000040  00000000  00000040  RWIX
  INFOA                 000010c0   00000040  00000000  00000040  RWIX
  FLASH                 00008000   00007fde  000018f6  000066e8  RWIX
  INT00                 0000ffe0   00000002  00000000  00000002  RWIX
  INT01                 0000ffe2   00000002  00000000  00000002  RWIX
  INT02                 0000ffe4   00000002  00000000  00000002  RWIX
  INT03                 0000ffe6   00000002  00000000  00000002  RWIX
  INT04                 0000ffe8   00000002  00000000  00000002  RWIX
  INT05                 0000ffea   00000002  00000000  00000002  RWIX
  INT06                 0000ffec   00000002  00000002  00000000  RWIX
  INT07                 0000ffee   00000002  00000002  00000000  RWIX
  INT08                 0000fff0   00000002  00000000  00000002  RWIX
  INT09                 0000fff2   00000002  00000002  00000000  RWIX
  INT10                 0000fff4   00000002  00000000  00000002  RWIX
  INT11                 0000fff6   00000002  00000000  00000002  RWIX
  INT12                 0000fff8   00000002  00000000  00000002  RWIX
  INT13                 0000fffa   00000002  00000000  00000002  RWIX
  INT14                 0000fffc   00000002  00000000  00000002  RWIX
  RESET                 0000fffe   00000002  00000002  00000000  RWIX


SECTION ALLOCATION MAP

 output                                  attributes/
section   page    origin      length       input sections
--------  ----  ----------  ----------   ----------------
.pinit     0    00008000    00000000     UNINITIALIZED

.bss       0    00000200    00000390     UNINITIALIZED
                  00000200    000002be     heap_1.obj (.bss)
                  000004be    0000006c     tasks.obj (.bss)
                  0000052a    00000040     croutine.obj (.bss)
                  0000056a    00000006     PollQ.obj (.bss)
                  00000570    00000006     comtest.obj (.bss)
                  00000576    00000006     main.obj (.bss)
                  0000057c    00000006     serial.obj (.bss)
                  00000582    00000004     rts430.lib : _lock.obj (.bss)
                  00000586    00000004                : boot.obj (.bss)
                  0000058a    00000002     flash.obj (.bss)
                  0000058c    00000002     integer.obj (.bss)
                  0000058e    00000002     port.obj (.bss)

.stack     0    000005b0    00000050     UNINITIALIZED
                  000005b0    00000002     rts430.lib : boot.obj (.stack)
                  000005b2    0000004e     --HOLE--

.text      0    00008000    0000181a     
                  00008000    00000164     queue.obj (.text:xQueueGenericReceive)
                  00008164    0000013e     portext.obj (.text)
                  000082a2    00000138     tasks.obj (.text:xTaskGenericCreate)
                  000083da    00000132     queue.obj (.text:xQueueGenericSend)
                  0000850c    000000d0     tasks.obj (.text:xTaskResumeAll)
                  000085dc    000000ca     queue.obj (.text:xQueueCreate)
                  000086a6    000000c0     port.obj (.text:pxPortInitialiseStack)
                  00008766    000000a6     serial.obj (.text:xSerialPortInitMinimal)
                  0000880c    0000009e     comtest.obj (.text:vComRxTask)
                  000088aa    0000009c     tasks.obj (.text:xTaskRemoveFromEventList)
                  00008946    0000009a     tasks.obj (.text:vTaskIncrementTick)
                  000089e0    00000090     queue.obj (.text:prvUnlockQueue)
                  00008a70    00000082     list.obj (.text:vListInsert)
                  00008af2    00000080     queue.obj (.text:prvCopyDataToQueue)
                  00008b72    0000007c     comtest.obj (.text:vAltStartComTestTasks)
                  00008bee    0000007c     serial.obj (.text:xSerialPutChar)
                  00008c6a    00000078     comtest.obj (.text:vComTxTask)
                  00008ce2    00000072     tasks.obj (.text:vTaskDelay)
                  00008d54    0000006e     tasks.obj (.text:prvCheckTasksWaitingTermination)
                  00008dc2    0000006e     tasks.obj (.text:xTaskCheckForTimeOut)
                  00008e30    0000006c     queue.obj (.text:xQueueGenericSendFromISR)
                  00008e9c    0000006a     tasks.obj (.text:prvInitialiseTCBVariables)
                  00008f06    0000006a     main.obj (.text:vApplicationIdleHook)
                  00008f70    00000068     tasks.obj (.text:prvAllocateTCBAndStack)
                  00008fd8    00000068     tasks.obj (.text:vTaskSwitchContext)
                  00009040    00000066     queue.obj (.text:xQueueReceiveFromISR)
                  000090a6    00000064     tasks.obj (.text:vTaskPlaceOnEventList)
                  0000910a    00000060     list.obj (.text:vListInsertEnd)
                  0000916a    0000005c     rts430.lib : lsr32.obj (.text:l_lsr_const)
                  000091c6    00000058     tasks.obj (.text:prvInitialiseTaskLists)
                  0000921e    00000058     rts430.lib : div32u.obj (.text)
                  00009276    00000056     heap_1.obj (.text:pvPortMalloc)
                  000092cc    00000056     ParTest.obj (.text:vParTestSetLED)
                  00009322    0000004e     ParTest.obj (.text:vParTestToggleLED)
                  00009370    0000004a     tasks.obj (.text:vTaskStartScheduler)
                  000093ba    00000048     list.obj (.text:vListRemove)
                  00009402    00000046     rts430.lib : autoinit.obj (.text:_auto_init)
                  00009448    00000044     serial.obj (.text:vRxISR)
                  0000948c    00000040     rts430.lib : div32s.obj (.text)
                  000094cc    00000040     serial.obj (.text:vTxISR)
                  0000950c    0000003a     queue.obj (.text:prvCopyDataFromQueue)
                  00009546    00000038     rts430.lib : strncpy.obj (.text:strncpy)
                  0000957e    00000032     queue.obj (.text:prvIsQueueFull)
                  000095b0    00000032     list.obj (.text:vListInitialise)
                  000095e2    00000032     port.obj (.text:vPortSetupTimerInterrupt)
                  00009614    00000032     serial.obj (.text:xSerialGetChar)
                  00009646    00000030     queue.obj (.text:prvIsQueueEmpty)
                  00009676    00000026     rts430.lib : boot.obj (.text:_c_int00_noexit)
                  0000969c    00000026                : mult32.obj (.text)
                  000096c2    00000024     tasks.obj (.text:xTaskGetTickCount)
                  000096e6    0000001e     main.obj (.text:main)
                  00009704    0000001c     port.obj (.text:vTickISREntry)
                  00009720    0000001a     tasks.obj (.text:prvIdleTask)
                  0000973a    00000018     tasks.obj (.text:prvDeleteTCB)
                  00009752    00000018     tasks.obj (.text:vTaskSetTimeOutState)
                  0000976a    00000016     rts430.lib : div16u.obj (.text)
                  00009780    00000014                : memset.obj (.text:memset)
                  00009794    00000014     main.obj (.text:prvSetupHardware)
                  000097a8    00000014     rts430.lib : mult16.obj (.text)
                  000097bc    00000012                : memcpy.obj (.text:memcpy)
                  000097ce    00000010                : epilog.obj (.text)
                  000097de    0000000e     list.obj (.text:vListInitialiseItem)
                  000097ec    0000000e     ParTest.obj (.text:vParTestInitialise)
                  000097fa    0000000a     heap_1.obj (.text:vPortFree)
                  00009804    00000006     tasks.obj (.text:vTaskMissedYield)
                  0000980a    00000006     tasks.obj (.text:vTaskSuspendAll)
                  00009810    00000004     rts430.lib : pre_init.obj (.text:_system_pre_init)
                  00009814    00000004                : exit.obj (.text:abort)
                  00009818    00000002                : _lock.obj (.text:_nop)

.cinit     0    0000981a    000000ac     
                  0000981a    00000048     tasks.obj (.cinit)
                  00009862    0000001e     croutine.obj (.cinit)
                  00009880    00000012     comtest.obj (.cinit)
                  00009892    0000000e     main.obj (.cinit)
                  000098a0    0000000c     PollQ.obj (.cinit)
                  000098ac    00000006     flash.obj (.cinit)
                  000098b2    00000006     heap_1.obj (.cinit)
                  000098b8    00000006     integer.obj (.cinit)
                  000098be    00000006     port.obj (.cinit)
                  000098c4    00000002     --HOLE-- [fill = 0]

.const     0    000098c6    00000030     
                  000098c6    00000010     PollQ.obj (.const:.string)
                  000098d6    0000000c     comtest.obj (.const:.string)
                  000098e2    00000008     integer.obj (.const:.string)
                  000098ea    00000006     flash.obj (.const:.string)
                  000098f0    00000006     tasks.obj (.const:.string)

.int06     0    0000ffec    00000002     
                  0000ffec    00000002     serial.obj (.int06)

.int07     0    0000ffee    00000002     
                  0000ffee    00000002     serial.obj (.int07)

.int09     0    0000fff2    00000002     
                  0000fff2    00000002     port.obj (.int09)

.reset     0    0000fffe    00000002     
                  0000fffe    00000002     rts430.lib : boot.obj (.reset)


GLOBAL SYMBOLS: SORTED ALPHABETICALLY BY Name 

address    name
--------   ----
00000200   .bss
00008000   .text
0000004a   ADC10AE0
0000004b   ADC10AE1
000001b0   ADC10CTL0
000001b2   ADC10CTL1
00000048   ADC10DTC0
00000049   ADC10DTC1
000001b4   ADC10MEM
000001bc   ADC10SA
00000057   BCSCTL1
00000058   BCSCTL2
00000053   BCSCTL3
00009814   C$$EXIT
000010fb   CALBC1_12MHZ
000010f9   CALBC1_16MHZ
000010ff   CALBC1_1MHZ
000010fd   CALBC1_8MHZ
000010fa   CALDCO_12MHZ
000010f8   CALDCO_16MHZ
000010fe   CALDCO_1MHZ
000010fc   CALDCO_8MHZ
00000056   DCOCTL
00000128   FCTL1
0000012a   FCTL2
0000012c   FCTL3
00000000   IE1
00000001   IE2
00000002   IFG1
00000003   IFG2
000091be   L_LSR_1
00009188   L_LSR_10
00009182   L_LSR_11
0000917c   L_LSR_12
00009176   L_LSR_13
00009170   L_LSR_14
0000916a   L_LSR_15
000091b8   L_LSR_2
000091b2   L_LSR_3
000091ac   L_LSR_4
000091a6   L_LSR_5
000091a0   L_LSR_6
0000919a   L_LSR_7
00009194   L_LSR_8
0000918e   L_LSR_9
000000c0   OA0CTL0
000000c1   OA0CTL1
000000c2   OA1CTL0
000000c3   OA1CTL1
00000022   P1DIR
00000025   P1IE
00000024   P1IES
00000023   P1IFG
00000020   P1IN
00000021   P1OUT
00000027   P1REN
00000026   P1SEL
0000002a   P2DIR
0000002d   P2IE
0000002c   P2IES
0000002b   P2IFG
00000028   P2IN
00000029   P2OUT
0000002f   P2REN
0000002e   P2SEL
0000001a   P3DIR
00000018   P3IN
00000019   P3OUT
00000010   P3REN
0000001b   P3SEL
0000001e   P4DIR
0000001c   P4IN
0000001d   P4OUT
00000011   P4REN
0000001f   P4SEL
00000172   TACCR0
00000174   TACCR1
00000176   TACCR2
00000162   TACCTL0
00000164   TACCTL1
00000166   TACCTL2
00000160   TACTL
0000012e   TAIV
00000170   TAR
00000192   TBCCR0
00000194   TBCCR1
00000196   TBCCR2
00000182   TBCCTL0
00000184   TBCCTL1
00000186   TBCCTL2
00000180   TBCTL
0000011e   TBIV
00000190   TBR
0000005d   UCA0ABCTL
00000062   UCA0BR0
00000063   UCA0BR1
00000060   UCA0CTL0
00000061   UCA0CTL1
0000005f   UCA0IRRCTL
0000005e   UCA0IRTCTL
00000064   UCA0MCTL
00000066   UCA0RXBUF
00000065   UCA0STAT
00000067   UCA0TXBUF
0000006a   UCB0BR0
0000006b   UCB0BR1
00000068   UCB0CTL0
00000069   UCB0CTL1
0000006c   UCB0I2CIE
00000118   UCB0I2COA
0000011a   UCB0I2CSA
0000006e   UCB0RXBUF
0000006d   UCB0STAT
0000006f   UCB0TXBUF
00000120   WDTCTL
00000600   __STACK_END
00000050   __STACK_SIZE
00000001   __TI_args_main
00000001   __TI_auto_init
00000001   __TI_exit
ffffffff   __binit__
00000200   __bss__
ffffffff   __c_args__
0000981a   __cinit__
0000948c   __divli
0000976a   __divu
0000921e   __divul
00000590   __end__
0000981a   __etext__
000097a8   __mpyi
0000969c   __mpyl
ffffffff   __pinit__
0000948c   __remli
0000976a   __remu
0000921e   __remul
00008000   __text__
00009402   _auto_init
00009676   _c_int00
00009676   _c_int00_noexit
00000586   _cleanup_ptr
00000588   _dtors_ptr
00000582   _lock
00009818   _nop
0000fffe   _reset_vector
000005b0   _stack
00009810   _system_pre_init
00000584   _unlock
00009814   abort
ffffffff   binit
0000981a   cinit
00000590   end
0000981a   etext
000097da   func_epilog_1
000097d8   func_epilog_2
000097d6   func_epilog_3
000097d4   func_epilog_4
000097d2   func_epilog_5
000097d0   func_epilog_6
000097ce   func_epilog_7
000096e6   main
000097bc   memcpy
00009780   memset
ffffffff   pinit
00009276   pvPortMalloc
00000560   pxCurrentCoRoutine
000004be   pxCurrentTCB
000086a6   pxPortInitialiseStack
00009546   strncpy
00000578   ulIdleLoops
0000058e   usCriticalNesting
00008b72   vAltStartComTestTasks
00008f06   vApplicationIdleHook
000095b0   vListInitialise
000097de   vListInitialiseItem
00008a70   vListInsert
0000910a   vListInsertEnd
000093ba   vListRemove
000097ec   vParTestInitialise
000092cc   vParTestSetLED
00009322   vParTestToggleLED
000081c0   vPortCooperativeTickISR
000097fa   vPortFree
00008164   vPortPreemptiveTickISR
000095e2   vPortSetupTimerInterrupt
00008218   vPortYield
00009448   vRxISR
00008ce2   vTaskDelay
00008946   vTaskIncrementTick
00009804   vTaskMissedYield
000090a6   vTaskPlaceOnEventList
00009752   vTaskSetTimeOutState
00009370   vTaskStartScheduler
0000980a   vTaskSuspendAll
00008fd8   vTaskSwitchContext
00009704   vTickISREntry
000094cc   vTxISR
00000576   xLocalError
00008272   xPortStartScheduler
000085dc   xQueueCreate
00008000   xQueueGenericReceive
000083da   xQueueGenericSend
00008e30   xQueueGenericSendFromISR
00009040   xQueueReceiveFromISR
00009614   xSerialGetChar
00008766   xSerialPortInitMinimal
00008bee   xSerialPutChar
00008dc2   xTaskCheckForTimeOut
000082a2   xTaskGenericCreate
000096c2   xTaskGetTickCount
000088aa   xTaskRemoveFromEventList
0000850c   xTaskResumeAll


GLOBAL SYMBOLS: SORTED BY Symbol Address 

address    name
--------   ----
00000000   IE1
00000001   IE2
00000001   __TI_args_main
00000001   __TI_auto_init
00000001   __TI_exit
00000002   IFG1
00000003   IFG2
00000010   P3REN
00000011   P4REN
00000018   P3IN
00000019   P3OUT
0000001a   P3DIR
0000001b   P3SEL
0000001c   P4IN
0000001d   P4OUT
0000001e   P4DIR
0000001f   P4SEL
00000020   P1IN
00000021   P1OUT
00000022   P1DIR
00000023   P1IFG
00000024   P1IES
00000025   P1IE
00000026   P1SEL
00000027   P1REN
00000028   P2IN
00000029   P2OUT
0000002a   P2DIR
0000002b   P2IFG
0000002c   P2IES
0000002d   P2IE
0000002e   P2SEL
0000002f   P2REN
00000048   ADC10DTC0
00000049   ADC10DTC1
0000004a   ADC10AE0
0000004b   ADC10AE1
00000050   __STACK_SIZE
00000053   BCSCTL3
00000056   DCOCTL
00000057   BCSCTL1
00000058   BCSCTL2
0000005d   UCA0ABCTL
0000005e   UCA0IRTCTL
0000005f   UCA0IRRCTL
00000060   UCA0CTL0
00000061   UCA0CTL1
00000062   UCA0BR0
00000063   UCA0BR1
00000064   UCA0MCTL
00000065   UCA0STAT
00000066   UCA0RXBUF
00000067   UCA0TXBUF
00000068   UCB0CTL0
00000069   UCB0CTL1
0000006a   UCB0BR0
0000006b   UCB0BR1
0000006c   UCB0I2CIE
0000006d   UCB0STAT
0000006e   UCB0RXBUF
0000006f   UCB0TXBUF
000000c0   OA0CTL0
000000c1   OA0CTL1
000000c2   OA1CTL0
000000c3   OA1CTL1
00000118   UCB0I2COA
0000011a   UCB0I2CSA
0000011e   TBIV
00000120   WDTCTL
00000128   FCTL1
0000012a   FCTL2
0000012c   FCTL3
0000012e   TAIV
00000160   TACTL
00000162   TACCTL0
00000164   TACCTL1
00000166   TACCTL2
00000170   TAR
00000172   TACCR0
00000174   TACCR1
00000176   TACCR2
00000180   TBCTL
00000182   TBCCTL0
00000184   TBCCTL1
00000186   TBCCTL2
00000190   TBR
00000192   TBCCR0
00000194   TBCCR1
00000196   TBCCR2
000001b0   ADC10CTL0
000001b2   ADC10CTL1
000001b4   ADC10MEM
000001bc   ADC10SA
00000200   .bss
00000200   __bss__
000004be   pxCurrentTCB
00000560   pxCurrentCoRoutine
00000576   xLocalError
00000578   ulIdleLoops
00000582   _lock
00000584   _unlock
00000586   _cleanup_ptr
00000588   _dtors_ptr
0000058e   usCriticalNesting
00000590   __end__
00000590   end
000005b0   _stack
00000600   __STACK_END
000010f8   CALDCO_16MHZ
000010f9   CALBC1_16MHZ
000010fa   CALDCO_12MHZ
000010fb   CALBC1_12MHZ
000010fc   CALDCO_8MHZ
000010fd   CALBC1_8MHZ
000010fe   CALDCO_1MHZ
000010ff   CALBC1_1MHZ
00008000   .text
00008000   __text__
00008000   xQueueGenericReceive
00008164   vPortPreemptiveTickISR
000081c0   vPortCooperativeTickISR
00008218   vPortYield
00008272   xPortStartScheduler
000082a2   xTaskGenericCreate
000083da   xQueueGenericSend
0000850c   xTaskResumeAll
000085dc   xQueueCreate
000086a6   pxPortInitialiseStack
00008766   xSerialPortInitMinimal
000088aa   xTaskRemoveFromEventList
00008946   vTaskIncrementTick
00008a70   vListInsert
00008b72   vAltStartComTestTasks
00008bee   xSerialPutChar
00008ce2   vTaskDelay
00008dc2   xTaskCheckForTimeOut
00008e30   xQueueGenericSendFromISR
00008f06   vApplicationIdleHook
00008fd8   vTaskSwitchContext
00009040   xQueueReceiveFromISR
000090a6   vTaskPlaceOnEventList
0000910a   vListInsertEnd
0000916a   L_LSR_15
00009170   L_LSR_14
00009176   L_LSR_13
0000917c   L_LSR_12
00009182   L_LSR_11
00009188   L_LSR_10
0000918e   L_LSR_9
00009194   L_LSR_8
0000919a   L_LSR_7
000091a0   L_LSR_6
000091a6   L_LSR_5
000091ac   L_LSR_4
000091b2   L_LSR_3
000091b8   L_LSR_2
000091be   L_LSR_1
0000921e   __divul
0000921e   __remul
00009276   pvPortMalloc
000092cc   vParTestSetLED
00009322   vParTestToggleLED
00009370   vTaskStartScheduler
000093ba   vListRemove
00009402   _auto_init
00009448   vRxISR
0000948c   __divli
0000948c   __remli
000094cc   vTxISR
00009546   strncpy
000095b0   vListInitialise
000095e2   vPortSetupTimerInterrupt
00009614   xSerialGetChar
00009676   _c_int00
00009676   _c_int00_noexit
0000969c   __mpyl
000096c2   xTaskGetTickCount
000096e6   main
00009704   vTickISREntry
00009752   vTaskSetTimeOutState
0000976a   __divu
0000976a   __remu
00009780   memset
000097a8   __mpyi
000097bc   memcpy
000097ce   func_epilog_7
000097d0   func_epilog_6
000097d2   func_epilog_5
000097d4   func_epilog_4
000097d6   func_epilog_3
000097d8   func_epilog_2
000097da   func_epilog_1
000097de   vListInitialiseItem
000097ec   vParTestInitialise
000097fa   vPortFree
00009804   vTaskMissedYield
0000980a   vTaskSuspendAll
00009810   _system_pre_init
00009814   C$$EXIT
00009814   abort
00009818   _nop
0000981a   __cinit__
0000981a   __etext__
0000981a   cinit
0000981a   etext
0000fffe   _reset_vector
ffffffff   __binit__
ffffffff   __c_args__
ffffffff   __pinit__
ffffffff   binit
ffffffff   pinit

[211 symbols]
